// Jest Snapshot v1, https://goo.gl/fbAQLP

exports[`theme renders correctly 1`] = `
<div>
  test
</div>
`;
